Analysis & Synthesis report for UnidadControl
Fri Oct 08 18:59:17 2021
Quartus II 64-Bit Version 12.1 Build 177 11/07/2012 SJ Web Edition


---------------------
; Table of Contents ;
---------------------
  1. Legal Notice
  2. Analysis & Synthesis Summary
  3. Analysis & Synthesis Settings
  4. Parallel Compilation
  5. Analysis & Synthesis Source Files Read
  6. Analysis & Synthesis Resource Usage Summary
  7. Analysis & Synthesis Resource Utilization by Entity
  8. Analysis & Synthesis DSP Block Usage Summary
  9. User-Specified and Inferred Latches
 10. Registers Removed During Synthesis
 11. Removed Registers Triggering Further Register Optimizations
 12. General Register Statistics
 13. Inverted Register Statistics
 14. Multiplexer Restructuring Statistics (Restructuring Performed)
 15. Parameter Settings for User Entity Instance: Top-level Entity: |UnidadControl
 16. Parameter Settings for User Entity Instance: PROCESADOR_LCD_REVD:u1
 17. Parameter Settings for Inferred Entity Instance: lpm_mult:Mult0
 18. Parameter Settings for Inferred Entity Instance: lpm_divide:Div0
 19. lpm_mult Parameter Settings by Entity Instance
 20. Port Connectivity Checks: "PROCESADOR_LCD_REVD:u1"
 21. Elapsed Time Per Partition
 22. Analysis & Synthesis Messages



----------------
; Legal Notice ;
----------------
Copyright (C) 1991-2012 Altera Corporation
Your use of Altera Corporation's design tools, logic functions 
and other software and tools, and its AMPP partner logic 
functions, and any output files from any of the foregoing 
(including device programming or simulation files), and any 
associated documentation or information are expressly subject 
to the terms and conditions of the Altera Program License 
Subscription Agreement, Altera MegaCore Function License 
Agreement, or other applicable license agreement, including, 
without limitation, that your use is for the sole purpose of 
programming logic devices manufactured by Altera and sold by 
Altera or its authorized distributors.  Please refer to the 
applicable agreement for further details.



+-------------------------------------------------------------------------------+
; Analysis & Synthesis Summary                                                  ;
+------------------------------------+------------------------------------------+
; Analysis & Synthesis Status        ; Successful - Fri Oct 08 18:59:17 2021    ;
; Quartus II 64-Bit Version          ; 12.1 Build 177 11/07/2012 SJ Web Edition ;
; Revision Name                      ; UnidadControl                            ;
; Top-level Entity Name              ; UnidadControl                            ;
; Family                             ; Cyclone IV E                             ;
; Total logic elements               ; 549                                      ;
;     Total combinational functions  ; 529                                      ;
;     Dedicated logic registers      ; 173                                      ;
; Total registers                    ; 173                                      ;
; Total pins                         ; 141                                      ;
; Total virtual pins                 ; 0                                        ;
; Total memory bits                  ; 0                                        ;
; Embedded Multiplier 9-bit elements ; 1                                        ;
; Total PLLs                         ; 0                                        ;
+------------------------------------+------------------------------------------+


+----------------------------------------------------------------------------------------------------------------------+
; Analysis & Synthesis Settings                                                                                        ;
+----------------------------------------------------------------------------+--------------------+--------------------+
; Option                                                                     ; Setting            ; Default Value      ;
+----------------------------------------------------------------------------+--------------------+--------------------+
; Device                                                                     ; EP4CE115F29C7      ;                    ;
; Top-level entity name                                                      ; UnidadControl      ; UnidadControl      ;
; Family name                                                                ; Cyclone IV E       ; Cyclone IV GX      ;
; Type of Retiming Performed During Resynthesis                              ; Full               ;                    ;
; Resynthesis Optimization Effort                                            ; Normal             ;                    ;
; Physical Synthesis Level for Resynthesis                                   ; Normal             ;                    ;
; Use Generated Physical Constraints File                                    ; On                 ;                    ;
; Use smart compilation                                                      ; Off                ; Off                ;
; Enable parallel Assembler and TimeQuest Timing Analyzer during compilation ; On                 ; On                 ;
; Enable compact report table                                                ; Off                ; Off                ;
; Restructure Multiplexers                                                   ; Auto               ; Auto               ;
; Create Debugging Nodes for IP Cores                                        ; Off                ; Off                ;
; Preserve fewer node names                                                  ; On                 ; On                 ;
; Disable OpenCore Plus hardware evaluation                                  ; Off                ; Off                ;
; Verilog Version                                                            ; Verilog_2001       ; Verilog_2001       ;
; VHDL Version                                                               ; VHDL_1993          ; VHDL_1993          ;
; State Machine Processing                                                   ; Auto               ; Auto               ;
; Safe State Machine                                                         ; Off                ; Off                ;
; Extract Verilog State Machines                                             ; On                 ; On                 ;
; Extract VHDL State Machines                                                ; On                 ; On                 ;
; Ignore Verilog initial constructs                                          ; Off                ; Off                ;
; Iteration limit for constant Verilog loops                                 ; 5000               ; 5000               ;
; Iteration limit for non-constant Verilog loops                             ; 250                ; 250                ;
; Add Pass-Through Logic to Inferred RAMs                                    ; On                 ; On                 ;
; Infer RAMs from Raw Logic                                                  ; On                 ; On                 ;
; Parallel Synthesis                                                         ; On                 ; On                 ;
; DSP Block Balancing                                                        ; Auto               ; Auto               ;
; NOT Gate Push-Back                                                         ; On                 ; On                 ;
; Power-Up Don't Care                                                        ; On                 ; On                 ;
; Remove Redundant Logic Cells                                               ; Off                ; Off                ;
; Remove Duplicate Registers                                                 ; On                 ; On                 ;
; Ignore CARRY Buffers                                                       ; Off                ; Off                ;
; Ignore CASCADE Buffers                                                     ; Off                ; Off                ;
; Ignore GLOBAL Buffers                                                      ; Off                ; Off                ;
; Ignore ROW GLOBAL Buffers                                                  ; Off                ; Off                ;
; Ignore LCELL Buffers                                                       ; Off                ; Off                ;
; Ignore SOFT Buffers                                                        ; On                 ; On                 ;
; Limit AHDL Integers to 32 Bits                                             ; Off                ; Off                ;
; Optimization Technique                                                     ; Balanced           ; Balanced           ;
; Carry Chain Length                                                         ; 70                 ; 70                 ;
; Auto Carry Chains                                                          ; On                 ; On                 ;
; Auto Open-Drain Pins                                                       ; On                 ; On                 ;
; Perform WYSIWYG Primitive Resynthesis                                      ; Off                ; Off                ;
; Auto ROM Replacement                                                       ; On                 ; On                 ;
; Auto RAM Replacement                                                       ; On                 ; On                 ;
; Auto DSP Block Replacement                                                 ; On                 ; On                 ;
; Auto Shift Register Replacement                                            ; Auto               ; Auto               ;
; Allow Shift Register Merging across Hierarchies                            ; Auto               ; Auto               ;
; Auto Clock Enable Replacement                                              ; On                 ; On                 ;
; Strict RAM Replacement                                                     ; Off                ; Off                ;
; Allow Synchronous Control Signals                                          ; On                 ; On                 ;
; Force Use of Synchronous Clear Signals                                     ; Off                ; Off                ;
; Auto RAM Block Balancing                                                   ; On                 ; On                 ;
; Auto RAM to Logic Cell Conversion                                          ; Off                ; Off                ;
; Auto Resource Sharing                                                      ; Off                ; Off                ;
; Allow Any RAM Size For Recognition                                         ; Off                ; Off                ;
; Allow Any ROM Size For Recognition                                         ; Off                ; Off                ;
; Allow Any Shift Register Size For Recognition                              ; Off                ; Off                ;
; Use LogicLock Constraints during Resource Balancing                        ; On                 ; On                 ;
; Ignore translate_off and synthesis_off directives                          ; Off                ; Off                ;
; Timing-Driven Synthesis                                                    ; On                 ; On                 ;
; Report Parameter Settings                                                  ; On                 ; On                 ;
; Report Source Assignments                                                  ; On                 ; On                 ;
; Report Connectivity Checks                                                 ; On                 ; On                 ;
; Ignore Maximum Fan-Out Assignments                                         ; Off                ; Off                ;
; Synchronization Register Chain Length                                      ; 2                  ; 2                  ;
; PowerPlay Power Optimization                                               ; Normal compilation ; Normal compilation ;
; HDL message level                                                          ; Level2             ; Level2             ;
; Suppress Register Optimization Related Messages                            ; Off                ; Off                ;
; Number of Removed Registers Reported in Synthesis Report                   ; 5000               ; 5000               ;
; Number of Swept Nodes Reported in Synthesis Report                         ; 5000               ; 5000               ;
; Number of Inverted Registers Reported in Synthesis Report                  ; 100                ; 100                ;
; Clock MUX Protection                                                       ; On                 ; On                 ;
; Auto Gated Clock Conversion                                                ; Off                ; Off                ;
; Block Design Naming                                                        ; Auto               ; Auto               ;
; SDC constraint protection                                                  ; Off                ; Off                ;
; Synthesis Effort                                                           ; Auto               ; Auto               ;
; Shift Register Replacement - Allow Asynchronous Clear Signal               ; On                 ; On                 ;
; Pre-Mapping Resynthesis Optimization                                       ; Off                ; Off                ;
; Analysis & Synthesis Message Level                                         ; Medium             ; Medium             ;
; Disable Register Merging Across Hierarchies                                ; Auto               ; Auto               ;
; Resource Aware Inference For Block RAM                                     ; On                 ; On                 ;
; Synthesis Seed                                                             ; 1                  ; 1                  ;
+----------------------------------------------------------------------------+--------------------+--------------------+


+------------------------------------------+
; Parallel Compilation                     ;
+----------------------------+-------------+
; Processors                 ; Number      ;
+----------------------------+-------------+
; Number detected on machine ; 16          ;
; Maximum allowed            ; 16          ;
;                            ;             ;
; Average used               ; 1.00        ;
; Maximum used               ; 1           ;
;                            ;             ;
; Usage by Processor         ; % Time Used ;
;     1 processor            ; 100.0%      ;
;     2-16 processors        ;   0.0%      ;
+----------------------------+-------------+


+-----------------------------------------------------------------------------------------------------------------------------------------------------------------------------------------------+
; Analysis & Synthesis Source Files Read                                                                                                                                                        ;
+----------------------------------+-----------------+------------------------------+-------------------------------------------------------------------------------------------------+---------+
; File Name with User-Entered Path ; Used in Netlist ; File Type                    ; File Name with Absolute Path                                                                    ; Library ;
+----------------------------------+-----------------+------------------------------+-------------------------------------------------------------------------------------------------+---------+
; MemoriaRAM.vhd                   ; yes             ; User VHDL File               ; C:/Users/payan/Desktop/Arquitectura-de-Computadoras/Practicas/01/MemoriaRAM.vhd                 ;         ;
; UnidadAritmeticaLogica.vhd       ; yes             ; User VHDL File               ; C:/Users/payan/Desktop/Arquitectura-de-Computadoras/Practicas/01/UnidadAritmeticaLogica.vhd     ;         ;
; Util.vhd                         ; yes             ; User VHDL File               ; C:/Users/payan/Desktop/Arquitectura-de-Computadoras/Practicas/01/Util.vhd                       ;         ;
; bcd_7seg.vhd                     ; yes             ; User VHDL File               ; C:/Users/payan/Desktop/Arquitectura-de-Computadoras/Practicas/01/bcd_7seg.vhd                   ;         ;
; UnidadControl.vhd                ; yes             ; User VHDL File               ; C:/Users/payan/Desktop/Arquitectura-de-Computadoras/Practicas/01/UnidadControl.vhd              ;         ;
; COMANDOS_LCD_REVD.vhd            ; yes             ; User VHDL File               ; C:/Users/payan/Desktop/Arquitectura-de-Computadoras/Practicas/01/COMANDOS_LCD_REVD.vhd          ;         ;
; PROCESADOR_LCD_REVD.vhd          ; yes             ; User VHDL File               ; C:/Users/payan/Desktop/Arquitectura-de-Computadoras/Practicas/01/PROCESADOR_LCD_REVD.vhd        ;         ;
; CARACTERES_ESPECIALES_REVD.vhd   ; yes             ; User VHDL File               ; C:/Users/payan/Desktop/Arquitectura-de-Computadoras/Practicas/01/CARACTERES_ESPECIALES_REVD.vhd ;         ;
; lpm_mult.tdf                     ; yes             ; Megafunction                 ; d:/altera/12.1/quartus/libraries/megafunctions/lpm_mult.tdf                                     ;         ;
; aglobal121.inc                   ; yes             ; Megafunction                 ; d:/altera/12.1/quartus/libraries/megafunctions/aglobal121.inc                                   ;         ;
; lpm_add_sub.inc                  ; yes             ; Megafunction                 ; d:/altera/12.1/quartus/libraries/megafunctions/lpm_add_sub.inc                                  ;         ;
; multcore.inc                     ; yes             ; Megafunction                 ; d:/altera/12.1/quartus/libraries/megafunctions/multcore.inc                                     ;         ;
; bypassff.inc                     ; yes             ; Megafunction                 ; d:/altera/12.1/quartus/libraries/megafunctions/bypassff.inc                                     ;         ;
; altshift.inc                     ; yes             ; Megafunction                 ; d:/altera/12.1/quartus/libraries/megafunctions/altshift.inc                                     ;         ;
; db/mult_73t.tdf                  ; yes             ; Auto-Generated Megafunction  ; C:/Users/payan/Desktop/Arquitectura-de-Computadoras/Practicas/01/db/mult_73t.tdf                ;         ;
; lpm_divide.tdf                   ; yes             ; Megafunction                 ; d:/altera/12.1/quartus/libraries/megafunctions/lpm_divide.tdf                                   ;         ;
; abs_divider.inc                  ; yes             ; Megafunction                 ; d:/altera/12.1/quartus/libraries/megafunctions/abs_divider.inc                                  ;         ;
; sign_div_unsign.inc              ; yes             ; Megafunction                 ; d:/altera/12.1/quartus/libraries/megafunctions/sign_div_unsign.inc                              ;         ;
; db/lpm_divide_fvo.tdf            ; yes             ; Auto-Generated Megafunction  ; C:/Users/payan/Desktop/Arquitectura-de-Computadoras/Practicas/01/db/lpm_divide_fvo.tdf          ;         ;
; db/abs_divider_aag.tdf           ; yes             ; Auto-Generated Megafunction  ; C:/Users/payan/Desktop/Arquitectura-de-Computadoras/Practicas/01/db/abs_divider_aag.tdf         ;         ;
; db/alt_u_div_i4f.tdf             ; yes             ; Auto-Generated Megafunction  ; C:/Users/payan/Desktop/Arquitectura-de-Computadoras/Practicas/01/db/alt_u_div_i4f.tdf           ;         ;
; db/add_sub_7pc.tdf               ; yes             ; Auto-Generated Megafunction  ; C:/Users/payan/Desktop/Arquitectura-de-Computadoras/Practicas/01/db/add_sub_7pc.tdf             ;         ;
; db/add_sub_8pc.tdf               ; yes             ; Auto-Generated Megafunction  ; C:/Users/payan/Desktop/Arquitectura-de-Computadoras/Practicas/01/db/add_sub_8pc.tdf             ;         ;
; db/lpm_abs_5v9.tdf               ; yes             ; Auto-Generated Megafunction  ; C:/Users/payan/Desktop/Arquitectura-de-Computadoras/Practicas/01/db/lpm_abs_5v9.tdf             ;         ;
+----------------------------------+-----------------+------------------------------+-------------------------------------------------------------------------------------------------+---------+


+-----------------------------------------------------+
; Analysis & Synthesis Resource Usage Summary         ;
+---------------------------------------------+-------+
; Resource                                    ; Usage ;
+---------------------------------------------+-------+
; Estimated Total logic elements              ; 549   ;
;                                             ;       ;
; Total combinational functions               ; 529   ;
; Logic element usage by number of LUT inputs ;       ;
;     -- 4 input functions                    ; 333   ;
;     -- 3 input functions                    ; 113   ;
;     -- <=2 input functions                  ; 83    ;
;                                             ;       ;
; Logic elements by mode                      ;       ;
;     -- normal mode                          ; 415   ;
;     -- arithmetic mode                      ; 114   ;
;                                             ;       ;
; Total registers                             ; 173   ;
;     -- Dedicated logic registers            ; 173   ;
;     -- I/O registers                        ; 0     ;
;                                             ;       ;
; I/O pins                                    ; 141   ;
; Embedded Multiplier 9-bit elements          ; 1     ;
; Maximum fan-out                             ; 173   ;
; Total fan-out                               ; 2720  ;
; Average fan-out                             ; 2.67  ;
+---------------------------------------------+-------+


+------------------------------------------------------------------------------------------------------------------------------------------------------------------------------------------------------------------------------------------------------------------------------------------------------+
; Analysis & Synthesis Resource Utilization by Entity                                                                                                                                                                                                                                                  ;
+----------------------------------------+-------------------+--------------+-------------+--------------+---------+-----------+------+--------------+----------------------------------------------------------------------------------------------------------------------------------+--------------+
; Compilation Hierarchy Node             ; LC Combinationals ; LC Registers ; Memory Bits ; DSP Elements ; DSP 9x9 ; DSP 18x18 ; Pins ; Virtual Pins ; Full Hierarchy Name                                                                                                              ; Library Name ;
+----------------------------------------+-------------------+--------------+-------------+--------------+---------+-----------+------+--------------+----------------------------------------------------------------------------------------------------------------------------------+--------------+
; |UnidadControl                         ; 529 (229)         ; 173 (113)    ; 0           ; 1            ; 1       ; 0         ; 141  ; 0            ; |UnidadControl                                                                                                                   ;              ;
;    |PROCESADOR_LCD_REVD:u1|            ; 193 (193)         ; 60 (60)      ; 0           ; 0            ; 0       ; 0         ; 0    ; 0            ; |UnidadControl|PROCESADOR_LCD_REVD:u1                                                                                            ;              ;
;    |lpm_divide:Div0|                   ; 107 (0)           ; 0 (0)        ; 0           ; 0            ; 0       ; 0         ; 0    ; 0            ; |UnidadControl|lpm_divide:Div0                                                                                                   ;              ;
;       |lpm_divide_fvo:auto_generated|  ; 107 (0)           ; 0 (0)        ; 0           ; 0            ; 0       ; 0         ; 0    ; 0            ; |UnidadControl|lpm_divide:Div0|lpm_divide_fvo:auto_generated                                                                     ;              ;
;          |abs_divider_aag:divider|     ; 107 (14)          ; 0 (0)        ; 0           ; 0            ; 0       ; 0         ; 0    ; 0            ; |UnidadControl|lpm_divide:Div0|lpm_divide_fvo:auto_generated|abs_divider_aag:divider                                             ;              ;
;             |alt_u_div_i4f:divider|    ; 77 (75)           ; 0 (0)        ; 0           ; 0            ; 0       ; 0         ; 0    ; 0            ; |UnidadControl|lpm_divide:Div0|lpm_divide_fvo:auto_generated|abs_divider_aag:divider|alt_u_div_i4f:divider                       ;              ;
;                |add_sub_7pc:add_sub_0| ; 1 (1)             ; 0 (0)        ; 0           ; 0            ; 0       ; 0         ; 0    ; 0            ; |UnidadControl|lpm_divide:Div0|lpm_divide_fvo:auto_generated|abs_divider_aag:divider|alt_u_div_i4f:divider|add_sub_7pc:add_sub_0 ;              ;
;                |add_sub_8pc:add_sub_1| ; 1 (1)             ; 0 (0)        ; 0           ; 0            ; 0       ; 0         ; 0    ; 0            ; |UnidadControl|lpm_divide:Div0|lpm_divide_fvo:auto_generated|abs_divider_aag:divider|alt_u_div_i4f:divider|add_sub_8pc:add_sub_1 ;              ;
;             |lpm_abs_5v9:my_abs_den|   ; 8 (8)             ; 0 (0)        ; 0           ; 0            ; 0       ; 0         ; 0    ; 0            ; |UnidadControl|lpm_divide:Div0|lpm_divide_fvo:auto_generated|abs_divider_aag:divider|lpm_abs_5v9:my_abs_den                      ;              ;
;             |lpm_abs_5v9:my_abs_num|   ; 8 (8)             ; 0 (0)        ; 0           ; 0            ; 0       ; 0         ; 0    ; 0            ; |UnidadControl|lpm_divide:Div0|lpm_divide_fvo:auto_generated|abs_divider_aag:divider|lpm_abs_5v9:my_abs_num                      ;              ;
;    |lpm_mult:Mult0|                    ; 0 (0)             ; 0 (0)        ; 0           ; 1            ; 1       ; 0         ; 0    ; 0            ; |UnidadControl|lpm_mult:Mult0                                                                                                    ;              ;
;       |mult_73t:auto_generated|        ; 0 (0)             ; 0 (0)        ; 0           ; 1            ; 1       ; 0         ; 0    ; 0            ; |UnidadControl|lpm_mult:Mult0|mult_73t:auto_generated                                                                            ;              ;
+----------------------------------------+-------------------+--------------+-------------+--------------+---------+-----------+------+--------------+----------------------------------------------------------------------------------------------------------------------------------+--------------+
Note: For table entries with two numbers listed, the numbers in parentheses indicate the number of resources of the given type used by the specific entity alone. The numbers listed outside of parentheses indicate the total resources of the given type used by the specific entity and all of its sub-entities in the hierarchy.


+-----------------------------------------------------+
; Analysis & Synthesis DSP Block Usage Summary        ;
+---------------------------------------+-------------+
; Statistic                             ; Number Used ;
+---------------------------------------+-------------+
; Simple Multipliers (9-bit)            ; 1           ;
; Simple Multipliers (18-bit)           ; 0           ;
; Embedded Multiplier Blocks            ; --          ;
; Embedded Multiplier 9-bit elements    ; 1           ;
; Signed Embedded Multipliers           ; 1           ;
; Unsigned Embedded Multipliers         ; 0           ;
; Mixed Sign Embedded Multipliers       ; 0           ;
; Variable Sign Embedded Multipliers    ; 0           ;
; Dedicated Input Shift Register Chains ; 0           ;
+---------------------------------------+-------------+
Note: number of Embedded Multiplier Blocks used is only available after a successful fit.


+---------------------------------------------------------------------------------------------------+
; User-Specified and Inferred Latches                                                               ;
+----------------------------------------------------+---------------------+------------------------+
; Latch Name                                         ; Latch Enable Signal ; Free of Timing Hazards ;
+----------------------------------------------------+---------------------+------------------------+
; BanderaDefault                                     ; GND                 ; yes                    ;
; Number of user-specified and inferred latches = 1  ;                     ;                        ;
+----------------------------------------------------+---------------------+------------------------+
Note: All latches listed above may not be present at the end of synthesis due to various synthesis optimizations.


+------------------------------------------------------------------------------------------------------------------+
; Registers Removed During Synthesis                                                                               ;
+-------------------------------------------------------------+----------------------------------------------------+
; Register name                                               ; Reason for Removal                                 ;
+-------------------------------------------------------------+----------------------------------------------------+
; SDRAM_Control[11]~reg0                                      ; Merged with SDRAM_Control[0]~reg0                  ;
; SDRAM_Control[2]~reg0                                       ; Merged with SDRAM_Control[0]~reg0                  ;
; SDRAM_Control[6]~reg0                                       ; Merged with SDRAM_Control[0]~reg0                  ;
; SDRAM_Control[7]~reg0                                       ; Merged with SDRAM_Control[0]~reg0                  ;
; SDRAM_Control[8]~reg0                                       ; Merged with SDRAM_Control[0]~reg0                  ;
; SDRAM_Control[1]~reg0                                       ; Merged with SDRAM_Control[10]~reg0                 ;
; SDRAM_Control[3]~reg0                                       ; Merged with SDRAM_Control[10]~reg0                 ;
; SDRAM_Control[4]~reg0                                       ; Merged with SDRAM_Control[10]~reg0                 ;
; SDRAM_Control[5]~reg0                                       ; Merged with SDRAM_Control[10]~reg0                 ;
; SDRAM_Direcciones[10]~reg0                                  ; Merged with SDRAM_Control[10]~reg0                 ;
; SDRAM_Direcciones[11]~reg0                                  ; Merged with SDRAM_Control[10]~reg0                 ;
; SDRAM_Direcciones[12]~reg0                                  ; Merged with SDRAM_Control[10]~reg0                 ;
; SDRAM_Direcciones[8]~reg0                                   ; Merged with SDRAM_Control[10]~reg0                 ;
; SDRAM_Direcciones[9]~reg0                                   ; Merged with SDRAM_Control[10]~reg0                 ;
; PROCESADOR_LCD_REVD:u1|vec_c_char[1]                        ; Merged with PROCESADOR_LCD_REVD:u1|vec_c_char[0]   ;
; PROCESADOR_LCD_REVD:u1|vec_c_char[7,17]                     ; Merged with PROCESADOR_LCD_REVD:u1|vec_c_char[10]  ;
; PROCESADOR_LCD_REVD:u1|vec_c_char[9]                        ; Merged with PROCESADOR_LCD_REVD:u1|vec_c_char[14]  ;
; PROCESADOR_LCD_REVD:u1|vec_c_char[36]                       ; Merged with PROCESADOR_LCD_REVD:u1|vec_c_char[11]  ;
; PROCESADOR_LCD_REVD:u1|vec_c_char[16,35]                    ; Merged with PROCESADOR_LCD_REVD:u1|vec_c_char[15]  ;
; PROCESADOR_LCD_REVD:u1|vec_c_char[23]                       ; Merged with PROCESADOR_LCD_REVD:u1|vec_c_char[19]  ;
; PROCESADOR_LCD_REVD:u1|vec_c_char[21,22,25..27,30]          ; Merged with PROCESADOR_LCD_REVD:u1|vec_c_char[20]  ;
; PROCESADOR_LCD_REVD:u1|vec_c_char[29]                       ; Merged with PROCESADOR_LCD_REVD:u1|vec_c_char[24]  ;
; PROCESADOR_LCD_REVD:u1|vec_c_char[31,33]                    ; Merged with PROCESADOR_LCD_REVD:u1|vec_c_char[28]  ;
; PROCESADOR_LCD_REVD:u1|vec_c_char[37..39]                   ; Merged with PROCESADOR_LCD_REVD:u1|vec_c_char[34]  ;
; PROCESADOR_LCD_REVD:u1|vec_ram[1,2,7]                       ; Merged with PROCESADOR_LCD_REVD:u1|vec_ram[0]      ;
; PROCESADOR_LCD_REVD:u1|vec_l_ram[3..7]                      ; Stuck at GND due to stuck port data_in             ;
; PROCESADOR_LCD_REVD:u1|vec_ram[0]                           ; Stuck at GND due to stuck port data_in             ;
; SDRAM_Control[10]~reg0                                      ; Stuck at GND due to stuck port data_in             ;
; SDRAM_Control[0]~reg0                                       ; Stuck at VCC due to stuck port data_in             ;
; PROCESADOR_LCD_REVD:u1|dir_mem_s[0..4]                      ; Lost fanout                                        ;
; PROCESADOR_LCD_REVD:u1|dir_salto_mem[0]                     ; Lost fanout                                        ;
; PROCESADOR_LCD_REVD:u1|salto                                ; Lost fanout                                        ;
; PROCESADOR_LCD_REVD:u1|avanzar                              ; Lost fanout                                        ;
; PROCESADOR_LCD_REVD:u1|dir_salto_mem[1..4]                  ; Lost fanout                                        ;
; PROCESADOR_LCD_REVD:u1|vec_l_ram[0]                         ; Stuck at GND due to stuck port data_in             ;
; PROCESADOR_LCD_REVD:u1|vec_c_char[0,5,10,15,20]             ; Stuck at GND due to stuck port data_in             ;
; PROCESADOR_LCD_REVD:u1|vec_l_ram[1]                         ; Stuck at GND due to stuck port data_in             ;
; PROCESADOR_LCD_REVD:u1|vec_c_char[6,11,28]                  ; Stuck at GND due to stuck port data_in             ;
; PROCESADOR_LCD_REVD:u1|vec_l_ram[2]                         ; Stuck at GND due to stuck port data_in             ;
; PROCESADOR_LCD_REVD:u1|data_s[2]                            ; Stuck at GND due to stuck port data_in             ;
; PROCESADOR_LCD_REVD:u1|vec_c_char[2,12,32,34]               ; Stuck at GND due to stuck port data_in             ;
; PROCESADOR_LCD_REVD:u1|data_s[3]                            ; Stuck at GND due to stuck port data_in             ;
; PROCESADOR_LCD_REVD:u1|vec_c_char[8,18]                     ; Stuck at GND due to stuck port data_in             ;
; PROCESADOR_LCD_REVD:u1|vec_ram[3]                           ; Stuck at GND due to stuck port data_in             ;
; PROCESADOR_LCD_REVD:u1|vec_c_char[3,13,14,19,24]            ; Stuck at GND due to stuck port data_in             ;
; PROCESADOR_LCD_REVD:u1|vec_ram[4]                           ; Stuck at GND due to stuck port data_in             ;
; PROCESADOR_LCD_REVD:u1|vec_c_char[4]                        ; Stuck at GND due to stuck port data_in             ;
; PROCESADOR_LCD_REVD:u1|vec_ram[5,6]                         ; Stuck at GND due to stuck port data_in             ;
; PROCESADOR_LCD_REVD:u1|RW                                   ; Stuck at GND due to stuck port data_in             ;
; PROCESADOR_LCD_REVD:u1|ciclo_enable[0..2,4..6,10,11,13..15] ; Stuck at GND due to stuck port data_in             ;
; PROCESADOR_LCD_REVD:u1|ciclo_enable[12]                     ; Merged with PROCESADOR_LCD_REVD:u1|ciclo_enable[9] ;
; PROCESADOR_LCD_REVD:u1|ciclo_enable[9]                      ; Merged with PROCESADOR_LCD_REVD:u1|ciclo_enable[8] ;
; PROCESADOR_LCD_REVD:u1|ciclo_enable[8]                      ; Merged with PROCESADOR_LCD_REVD:u1|ciclo_enable[7] ;
; PROCESADOR_LCD_REVD:u1|ciclo_enable[7]                      ; Merged with PROCESADOR_LCD_REVD:u1|ciclo_enable[3] ;
; PROCESADOR_LCD_REVD:u1|data_s[7]                            ; Merged with PROCESADOR_LCD_REVD:u1|data_s[6]       ;
; PROCESADOR_LCD_REVD:u1|data_s[6]                            ; Merged with PROCESADOR_LCD_REVD:u1|data_s[5]       ;
; PROCESADOR_LCD_REVD:u1|data_s[5]                            ; Merged with PROCESADOR_LCD_REVD:u1|data_s[4]       ;
; PROCESADOR_LCD_REVD:u1|data_s[4]                            ; Merged with PROCESADOR_LCD_REVD:u1|data_s[1]       ;
; PROCESADOR_LCD_REVD:u1|data_s[1]                            ; Merged with PROCESADOR_LCD_REVD:u1|data_s[0]       ;
; Total Number of Removed Registers = 107                     ;                                                    ;
+-------------------------------------------------------------+----------------------------------------------------+


+------------------------------------------------------------------------------------------------------------------------------------------+
; Removed Registers Triggering Further Register Optimizations                                                                              ;
+-------------------------------------+--------------------+-------------------------------------------------------------------------------+
; Register name                       ; Reason for Removal ; Registers Removed due to This Register                                        ;
+-------------------------------------+--------------------+-------------------------------------------------------------------------------+
; PROCESADOR_LCD_REVD:u1|dir_mem_s[0] ; Lost Fanouts       ; PROCESADOR_LCD_REVD:u1|dir_mem_s[4], PROCESADOR_LCD_REVD:u1|dir_salto_mem[0], ;
;                                     ;                    ; PROCESADOR_LCD_REVD:u1|salto, PROCESADOR_LCD_REVD:u1|avanzar,                 ;
;                                     ;                    ; PROCESADOR_LCD_REVD:u1|dir_salto_mem[4]                                       ;
; PROCESADOR_LCD_REVD:u1|dir_mem_s[1] ; Lost Fanouts       ; PROCESADOR_LCD_REVD:u1|dir_salto_mem[1]                                       ;
; PROCESADOR_LCD_REVD:u1|dir_mem_s[2] ; Lost Fanouts       ; PROCESADOR_LCD_REVD:u1|dir_salto_mem[2]                                       ;
; PROCESADOR_LCD_REVD:u1|dir_mem_s[3] ; Lost Fanouts       ; PROCESADOR_LCD_REVD:u1|dir_salto_mem[3]                                       ;
+-------------------------------------+--------------------+-------------------------------------------------------------------------------+


+------------------------------------------------------+
; General Register Statistics                          ;
+----------------------------------------------+-------+
; Statistic                                    ; Value ;
+----------------------------------------------+-------+
; Total registers                              ; 173   ;
; Number of registers using Synchronous Clear  ; 40    ;
; Number of registers using Synchronous Load   ; 8     ;
; Number of registers using Asynchronous Clear ; 80    ;
; Number of registers using Asynchronous Load  ; 0     ;
; Number of registers using Clock Enable       ; 145   ;
; Number of registers using Preset             ; 0     ;
+----------------------------------------------+-------+


+---------------------------------------------------+
; Inverted Register Statistics                      ;
+-----------------------------------------+---------+
; Inverted Register                       ; Fan out ;
+-----------------------------------------+---------+
; Display_7s[0]~reg0                      ; 1       ;
; Display_7s[1]~reg0                      ; 1       ;
; Display_7s[2]~reg0                      ; 1       ;
; Display_7s[3]~reg0                      ; 1       ;
; Display_7s[4]~reg0                      ; 1       ;
; Display_7s[5]~reg0                      ; 1       ;
; Display_7s[6]~reg0                      ; 1       ;
; Display_7s[7]~reg0                      ; 1       ;
; Display_7s[8]~reg0                      ; 1       ;
; Display_7s[9]~reg0                      ; 1       ;
; Display_7s[10]~reg0                     ; 1       ;
; Display_7s[11]~reg0                     ; 1       ;
; Display_7s[12]~reg0                     ; 1       ;
; Display_7s[13]~reg0                     ; 1       ;
; Display_7s[14]~reg0                     ; 1       ;
; Display_7s[15]~reg0                     ; 1       ;
; Display_7s[16]~reg0                     ; 1       ;
; Display_7s[17]~reg0                     ; 1       ;
; Display_7s[18]~reg0                     ; 1       ;
; Display_7s[19]~reg0                     ; 1       ;
; Display_7s[20]~reg0                     ; 1       ;
; Display_7s[21]~reg0                     ; 1       ;
; Display_7s[22]~reg0                     ; 1       ;
; Display_7s[23]~reg0                     ; 1       ;
; Display_7s[24]~reg0                     ; 1       ;
; Display_7s[25]~reg0                     ; 1       ;
; Display_7s[26]~reg0                     ; 1       ;
; Display_7s[27]~reg0                     ; 1       ;
; Display_7s[28]~reg0                     ; 1       ;
; Display_7s[29]~reg0                     ; 1       ;
; Display_7s[30]~reg0                     ; 1       ;
; Display_7s[31]~reg0                     ; 1       ;
; Display_7s[32]~reg0                     ; 1       ;
; Display_7s[33]~reg0                     ; 1       ;
; Display_7s[34]~reg0                     ; 1       ;
; Display_7s[35]~reg0                     ; 1       ;
; Display_7s[36]~reg0                     ; 1       ;
; Display_7s[37]~reg0                     ; 1       ;
; Display_7s[38]~reg0                     ; 1       ;
; Display_7s[39]~reg0                     ; 1       ;
; Display_7s[40]~reg0                     ; 1       ;
; Display_7s[41]~reg0                     ; 1       ;
; Display_7s[42]~reg0                     ; 1       ;
; Display_7s[43]~reg0                     ; 1       ;
; Display_7s[44]~reg0                     ; 1       ;
; Display_7s[45]~reg0                     ; 1       ;
; Display_7s[46]~reg0                     ; 1       ;
; Display_7s[47]~reg0                     ; 1       ;
; Display_7s[48]~reg0                     ; 1       ;
; Display_7s[49]~reg0                     ; 1       ;
; Display_7s[50]~reg0                     ; 1       ;
; Display_7s[51]~reg0                     ; 1       ;
; Display_7s[52]~reg0                     ; 1       ;
; Display_7s[53]~reg0                     ; 1       ;
; Display_7s[54]~reg0                     ; 1       ;
; Display_7s[55]~reg0                     ; 1       ;
; Numero_Instruccion[1][0]                ; 1       ;
; Total number of inverted registers = 57 ;         ;
+-----------------------------------------+---------+


+---------------------------------------------------------------------------------------------------------------------------------------------------------------------+
; Multiplexer Restructuring Statistics (Restructuring Performed)                                                                                                      ;
+--------------------+-----------+---------------+----------------------+------------------------+------------+-------------------------------------------------------+
; Multiplexer Inputs ; Bus Width ; Baseline Area ; Area if Restructured ; Saving if Restructured ; Registered ; Example Multiplexer Output                            ;
+--------------------+-----------+---------------+----------------------+------------------------+------------+-------------------------------------------------------+
; 4:1                ; 16 bits   ; 32 LEs        ; 16 LEs               ; 16 LEs                 ; Yes        ; |UnidadControl|SDRAM_Datos[7]~reg0                    ;
; 6:1                ; 2 bits    ; 8 LEs         ; 4 LEs                ; 4 LEs                  ; Yes        ; |UnidadControl|PROCESADOR_LCD_REVD:u1|edo_enable[1]   ;
; 128:1              ; 2 bits    ; 170 LEs       ; 12 LEs               ; 158 LEs                ; Yes        ; |UnidadControl|PROCESADOR_LCD_REVD:u1|DATA[2]         ;
; 128:1              ; 18 bits   ; 1530 LEs      ; 162 LEs              ; 1368 LEs               ; Yes        ; |UnidadControl|PROCESADOR_LCD_REVD:u1|ciclo_enable[4] ;
; 128:1              ; 6 bits    ; 510 LEs       ; 66 LEs               ; 444 LEs                ; Yes        ; |UnidadControl|PROCESADOR_LCD_REVD:u1|DATA[7]         ;
; 12:1               ; 7 bits    ; 56 LEs        ; 28 LEs               ; 28 LEs                 ; Yes        ; |UnidadControl|Acumulador[15]                         ;
; 13:1               ; 22 bits   ; 176 LEs       ; 22 LEs               ; 154 LEs                ; Yes        ; |UnidadControl|PROCESADOR_LCD_REVD:u1|conta_delay[17] ;
; 23:1               ; 6 bits    ; 90 LEs        ; 60 LEs               ; 30 LEs                 ; Yes        ; |UnidadControl|Acumulador[6]                          ;
+--------------------+-----------+---------------+----------------------+------------------------+------------+-------------------------------------------------------+


+-------------------------------------------------------------------------------+
; Parameter Settings for User Entity Instance: Top-level Entity: |UnidadControl ;
+----------------+----------+---------------------------------------------------+
; Parameter Name ; Value    ; Type                                              ;
+----------------+----------+---------------------------------------------------+
; FPGA_CLK       ; 50000000 ; Signed Integer                                    ;
+----------------+----------+---------------------------------------------------+
Note: In order to hide this table in the UI and the text report file, please set the "Show Parameter Settings in Synthesis Report" option in "Analysis and Synthesis Settings -> More Settings" to "Off".


+---------------------------------------------------------------------+
; Parameter Settings for User Entity Instance: PROCESADOR_LCD_REVD:u1 ;
+----------------+----------+-----------------------------------------+
; Parameter Name ; Value    ; Type                                    ;
+----------------+----------+-----------------------------------------+
; fpga_clk       ; 50000000 ; Signed Integer                          ;
; num_inst       ; 28       ; Signed Integer                          ;
+----------------+----------+-----------------------------------------+
Note: In order to hide this table in the UI and the text report file, please set the "Show Parameter Settings in Synthesis Report" option in "Analysis and Synthesis Settings -> More Settings" to "Off".


+-------------------------------------------------------------------------------------+
; Parameter Settings for Inferred Entity Instance: lpm_mult:Mult0                     ;
+------------------------------------------------+--------------+---------------------+
; Parameter Name                                 ; Value        ; Type                ;
+------------------------------------------------+--------------+---------------------+
; AUTO_CARRY_CHAINS                              ; ON           ; AUTO_CARRY          ;
; IGNORE_CARRY_BUFFERS                           ; OFF          ; IGNORE_CARRY        ;
; AUTO_CASCADE_CHAINS                            ; ON           ; AUTO_CASCADE        ;
; IGNORE_CASCADE_BUFFERS                         ; OFF          ; IGNORE_CASCADE      ;
; LPM_WIDTHA                                     ; 8            ; Untyped             ;
; LPM_WIDTHB                                     ; 8            ; Untyped             ;
; LPM_WIDTHP                                     ; 16           ; Untyped             ;
; LPM_WIDTHR                                     ; 16           ; Untyped             ;
; LPM_WIDTHS                                     ; 1            ; Untyped             ;
; LPM_REPRESENTATION                             ; SIGNED       ; Untyped             ;
; LPM_PIPELINE                                   ; 0            ; Untyped             ;
; LATENCY                                        ; 0            ; Untyped             ;
; INPUT_A_IS_CONSTANT                            ; NO           ; Untyped             ;
; INPUT_B_IS_CONSTANT                            ; NO           ; Untyped             ;
; USE_EAB                                        ; OFF          ; Untyped             ;
; MAXIMIZE_SPEED                                 ; 5            ; Untyped             ;
; DEVICE_FAMILY                                  ; Cyclone IV E ; Untyped             ;
; CARRY_CHAIN                                    ; MANUAL       ; Untyped             ;
; APEX20K_TECHNOLOGY_MAPPER                      ; LUT          ; TECH_MAPPER_APEX20K ;
; DEDICATED_MULTIPLIER_CIRCUITRY                 ; AUTO         ; Untyped             ;
; DEDICATED_MULTIPLIER_MIN_INPUT_WIDTH_FOR_AUTO  ; 0            ; Untyped             ;
; DEDICATED_MULTIPLIER_MIN_OUTPUT_WIDTH_FOR_AUTO ; 0            ; Untyped             ;
; CBXI_PARAMETER                                 ; mult_73t     ; Untyped             ;
; INPUT_A_FIXED_VALUE                            ; Bx           ; Untyped             ;
; INPUT_B_FIXED_VALUE                            ; Bx           ; Untyped             ;
; USE_AHDL_IMPLEMENTATION                        ; OFF          ; Untyped             ;
+------------------------------------------------+--------------+---------------------+
Note: In order to hide this table in the UI and the text report file, please set the "Show Parameter Settings in Synthesis Report" option in "Analysis and Synthesis Settings -> More Settings" to "Off".


+------------------------------------------------------------------+
; Parameter Settings for Inferred Entity Instance: lpm_divide:Div0 ;
+------------------------+----------------+------------------------+
; Parameter Name         ; Value          ; Type                   ;
+------------------------+----------------+------------------------+
; LPM_WIDTHN             ; 8              ; Untyped                ;
; LPM_WIDTHD             ; 8              ; Untyped                ;
; LPM_NREPRESENTATION    ; SIGNED         ; Untyped                ;
; LPM_DREPRESENTATION    ; SIGNED         ; Untyped                ;
; LPM_PIPELINE           ; 0              ; Untyped                ;
; LPM_REMAINDERPOSITIVE  ; FALSE          ; Untyped                ;
; MAXIMIZE_SPEED         ; 5              ; Untyped                ;
; CBXI_PARAMETER         ; lpm_divide_fvo ; Untyped                ;
; CARRY_CHAIN            ; MANUAL         ; Untyped                ;
; OPTIMIZE_FOR_SPEED     ; 5              ; Untyped                ;
; AUTO_CARRY_CHAINS      ; ON             ; AUTO_CARRY             ;
; IGNORE_CARRY_BUFFERS   ; OFF            ; IGNORE_CARRY           ;
; AUTO_CASCADE_CHAINS    ; ON             ; AUTO_CASCADE           ;
; IGNORE_CASCADE_BUFFERS ; OFF            ; IGNORE_CASCADE         ;
+------------------------+----------------+------------------------+
Note: In order to hide this table in the UI and the text report file, please set the "Show Parameter Settings in Synthesis Report" option in "Analysis and Synthesis Settings -> More Settings" to "Off".


+--------------------------------------------------------+
; lpm_mult Parameter Settings by Entity Instance         ;
+---------------------------------------+----------------+
; Name                                  ; Value          ;
+---------------------------------------+----------------+
; Number of entity instances            ; 1              ;
; Entity Instance                       ; lpm_mult:Mult0 ;
;     -- LPM_WIDTHA                     ; 8              ;
;     -- LPM_WIDTHB                     ; 8              ;
;     -- LPM_WIDTHP                     ; 16             ;
;     -- LPM_REPRESENTATION             ; SIGNED         ;
;     -- INPUT_A_IS_CONSTANT            ; NO             ;
;     -- INPUT_B_IS_CONSTANT            ; NO             ;
;     -- USE_EAB                        ; OFF            ;
;     -- DEDICATED_MULTIPLIER_CIRCUITRY ; AUTO           ;
;     -- INPUT_A_FIXED_VALUE            ; Bx             ;
;     -- INPUT_B_FIXED_VALUE            ; Bx             ;
+---------------------------------------+----------------+


+------------------------------------------------------------------------------------------------------------------+
; Port Connectivity Checks: "PROCESADOR_LCD_REVD:u1"                                                               ;
+--------+--------+----------+-------------------------------------------------------------------------------------+
; Port   ; Type   ; Severity ; Details                                                                             ;
+--------+--------+----------+-------------------------------------------------------------------------------------+
; bd_lcd ; Output ; Info     ; Connected to dangling logic. Logic that only feeds a dangling port will be removed. ;
+--------+--------+----------+-------------------------------------------------------------------------------------+


+-------------------------------+
; Elapsed Time Per Partition    ;
+----------------+--------------+
; Partition Name ; Elapsed Time ;
+----------------+--------------+
; Top            ; 00:00:03     ;
+----------------+--------------+


+-------------------------------+
; Analysis & Synthesis Messages ;
+-------------------------------+
Info: *******************************************************************
Info: Running Quartus II 64-Bit Analysis & Synthesis
    Info: Version 12.1 Build 177 11/07/2012 SJ Web Edition
    Info: Processing started: Fri Oct 08 18:59:12 2021
Info: Command: quartus_map --read_settings_files=on --write_settings_files=off UnidadControl -c UnidadControl
Info (20030): Parallel compilation is enabled and will use 16 of the 16 processors detected
Info (12021): Found 2 design units, including 0 entities, in source file memoriaram.vhd
    Info (12022): Found design unit 1: MemoriaRAM
    Info (12022): Found design unit 2: MemoriaRAM-body
Info (12021): Found 2 design units, including 0 entities, in source file unidadaritmeticalogica.vhd
    Info (12022): Found design unit 1: UnidadAritmeticaLogica
    Info (12022): Found design unit 2: UnidadAritmeticaLogica-body
Info (12021): Found 2 design units, including 0 entities, in source file util.vhd
    Info (12022): Found design unit 1: Util
    Info (12022): Found design unit 2: Util-body
Info (12021): Found 2 design units, including 0 entities, in source file bcd_7seg.vhd
    Info (12022): Found design unit 1: bcd_7seg
    Info (12022): Found design unit 2: bcd_7seg-body
Info (12021): Found 2 design units, including 1 entities, in source file unidadcontrol.vhd
    Info (12022): Found design unit 1: UnidadControl-control
    Info (12023): Found entity 1: UnidadControl
Info (12021): Found 2 design units, including 0 entities, in source file comandos_lcd_revd.vhd
    Info (12022): Found design unit 1: COMANDOS_LCD_REVD
    Info (12022): Found design unit 2: COMANDOS_LCD_REVD-body
Info (12021): Found 2 design units, including 1 entities, in source file procesador_lcd_revd.vhd
    Info (12022): Found design unit 1: PROCESADOR_LCD_REVD-Behavioral
    Info (12023): Found entity 1: PROCESADOR_LCD_REVD
Info (12021): Found 2 design units, including 1 entities, in source file caracteres_especiales_revd.vhd
    Info (12022): Found design unit 1: CARACTERES_ESPECIALES_REVD-Behavioral
    Info (12023): Found entity 1: CARACTERES_ESPECIALES_REVD
Info (12127): Elaborating entity "UnidadControl" for the top level hierarchy
Warning (10036): Verilog HDL or VHDL warning at UnidadControl.vhd(129): object "blcd" assigned a value but never read
Warning (10492): VHDL Process Statement warning at UnidadControl.vhd(208): signal "BanderaDefault" is read inside the Process Statement but isn't in the Process Statement's sensitivity list
Warning (10631): VHDL Process Statement warning at UnidadControl.vhd(196): inferring latch(es) for signal or variable "BanderaDefault", which holds its previous value in one or more paths through the process
Info (10041): Inferred latch for "BanderaDefault" at UnidadControl.vhd(196)
Info (12128): Elaborating entity "PROCESADOR_LCD_REVD" for hierarchy "PROCESADOR_LCD_REVD:u1"
Info (12128): Elaborating entity "CARACTERES_ESPECIALES_REVD" for hierarchy "CARACTERES_ESPECIALES_REVD:U2"
Info (276014): Found 1 instances of uninferred RAM logic
    Info (276004): RAM logic "INST" is uninferred due to inappropriate RAM size
Warning (113028): 3 out of 32 addresses are uninitialized. The Quartus II software will initialize them to "0". There are 1 warnings found, and 1 warnings are reported.
    Warning (113027): Addresses ranging from 29 to 31 are not initialized
Info (278001): Inferred 2 megafunctions from design logic
    Info (278003): Inferred multiplier megafunction ("lpm_mult") from the following logic: "Mult0"
    Info (278004): Inferred divider/modulo megafunction ("lpm_divide") from the following logic: "Div0"
Info (12130): Elaborated megafunction instantiation "lpm_mult:Mult0"
Info (12133): Instantiated megafunction "lpm_mult:Mult0" with the following parameter:
    Info (12134): Parameter "LPM_WIDTHA" = "8"
    Info (12134): Parameter "LPM_WIDTHB" = "8"
    Info (12134): Parameter "LPM_WIDTHP" = "16"
    Info (12134): Parameter "LPM_WIDTHR" = "16"
    Info (12134): Parameter "LPM_WIDTHS" = "1"
    Info (12134): Parameter "LPM_REPRESENTATION" = "SIGNED"
    Info (12134): Parameter "INPUT_A_IS_CONSTANT" = "NO"
    Info (12134): Parameter "INPUT_B_IS_CONSTANT" = "NO"
    Info (12134): Parameter "MAXIMIZE_SPEED" = "5"
Info (12021): Found 1 design units, including 1 entities, in source file db/mult_73t.tdf
    Info (12023): Found entity 1: mult_73t
Info (12130): Elaborated megafunction instantiation "lpm_divide:Div0"
Info (12133): Instantiated megafunction "lpm_divide:Div0" with the following parameter:
    Info (12134): Parameter "LPM_WIDTHN" = "8"
    Info (12134): Parameter "LPM_WIDTHD" = "8"
    Info (12134): Parameter "LPM_NREPRESENTATION" = "SIGNED"
    Info (12134): Parameter "LPM_DREPRESENTATION" = "SIGNED"
    Info (12134): Parameter "LPM_HINT" = "LPM_REMAINDERPOSITIVE=FALSE"
Info (12021): Found 1 design units, including 1 entities, in source file db/lpm_divide_fvo.tdf
    Info (12023): Found entity 1: lpm_divide_fvo
Info (12021): Found 1 design units, including 1 entities, in source file db/abs_divider_aag.tdf
    Info (12023): Found entity 1: abs_divider_aag
Info (12021): Found 1 design units, including 1 entities, in source file db/alt_u_div_i4f.tdf
    Info (12023): Found entity 1: alt_u_div_i4f
Info (12021): Found 1 design units, including 1 entities, in source file db/add_sub_7pc.tdf
    Info (12023): Found entity 1: add_sub_7pc
Info (12021): Found 1 design units, including 1 entities, in source file db/add_sub_8pc.tdf
    Info (12023): Found entity 1: add_sub_8pc
Info (12021): Found 1 design units, including 1 entities, in source file db/lpm_abs_5v9.tdf
    Info (12023): Found entity 1: lpm_abs_5v9
Warning (13034): The following nodes have both tri-state and non-tri-state drivers
    Warning (13035): Inserted always-enabled tri-state buffer between "SDRAM_Datos[0]" and its non-tri-state driver.
    Warning (13035): Inserted always-enabled tri-state buffer between "SDRAM_Datos[1]" and its non-tri-state driver.
    Warning (13035): Inserted always-enabled tri-state buffer between "SDRAM_Datos[2]" and its non-tri-state driver.
    Warning (13035): Inserted always-enabled tri-state buffer between "SDRAM_Datos[3]" and its non-tri-state driver.
    Warning (13035): Inserted always-enabled tri-state buffer between "SDRAM_Datos[4]" and its non-tri-state driver.
    Warning (13035): Inserted always-enabled tri-state buffer between "SDRAM_Datos[5]" and its non-tri-state driver.
    Warning (13035): Inserted always-enabled tri-state buffer between "SDRAM_Datos[6]" and its non-tri-state driver.
    Warning (13035): Inserted always-enabled tri-state buffer between "SDRAM_Datos[7]" and its non-tri-state driver.
    Warning (13035): Inserted always-enabled tri-state buffer between "SDRAM_Datos[8]" and its non-tri-state driver.
    Warning (13035): Inserted always-enabled tri-state buffer between "SDRAM_Datos[9]" and its non-tri-state driver.
    Warning (13035): Inserted always-enabled tri-state buffer between "SDRAM_Datos[10]" and its non-tri-state driver.
    Warning (13035): Inserted always-enabled tri-state buffer between "SDRAM_Datos[11]" and its non-tri-state driver.
    Warning (13035): Inserted always-enabled tri-state buffer between "SDRAM_Datos[12]" and its non-tri-state driver.
    Warning (13035): Inserted always-enabled tri-state buffer between "SDRAM_Datos[13]" and its non-tri-state driver.
    Warning (13035): Inserted always-enabled tri-state buffer between "SDRAM_Datos[14]" and its non-tri-state driver.
    Warning (13035): Inserted always-enabled tri-state buffer between "SDRAM_Datos[15]" and its non-tri-state driver.
Warning (13039): The following bidir pins have no drivers
    Warning (13040): Bidir "SDRAM_Datos[16]" has no driver
    Warning (13040): Bidir "SDRAM_Datos[17]" has no driver
    Warning (13040): Bidir "SDRAM_Datos[18]" has no driver
    Warning (13040): Bidir "SDRAM_Datos[19]" has no driver
    Warning (13040): Bidir "SDRAM_Datos[20]" has no driver
    Warning (13040): Bidir "SDRAM_Datos[21]" has no driver
    Warning (13040): Bidir "SDRAM_Datos[22]" has no driver
    Warning (13040): Bidir "SDRAM_Datos[23]" has no driver
    Warning (13040): Bidir "SDRAM_Datos[24]" has no driver
    Warning (13040): Bidir "SDRAM_Datos[25]" has no driver
    Warning (13040): Bidir "SDRAM_Datos[26]" has no driver
    Warning (13040): Bidir "SDRAM_Datos[27]" has no driver
    Warning (13040): Bidir "SDRAM_Datos[28]" has no driver
    Warning (13040): Bidir "SDRAM_Datos[29]" has no driver
    Warning (13040): Bidir "SDRAM_Datos[30]" has no driver
    Warning (13040): Bidir "SDRAM_Datos[31]" has no driver
Info (13060): One or more bidirs are fed by always enabled tri-state buffers
    Info (13061): Fan-out of permanently enabled tri-state buffer feeding bidir "SDRAM_Datos[0]" is moved to its source
    Info (13061): Fan-out of permanently enabled tri-state buffer feeding bidir "SDRAM_Datos[1]" is moved to its source
    Info (13061): Fan-out of permanently enabled tri-state buffer feeding bidir "SDRAM_Datos[2]" is moved to its source
    Info (13061): Fan-out of permanently enabled tri-state buffer feeding bidir "SDRAM_Datos[3]" is moved to its source
    Info (13061): Fan-out of permanently enabled tri-state buffer feeding bidir "SDRAM_Datos[4]" is moved to its source
    Info (13061): Fan-out of permanently enabled tri-state buffer feeding bidir "SDRAM_Datos[5]" is moved to its source
    Info (13061): Fan-out of permanently enabled tri-state buffer feeding bidir "SDRAM_Datos[6]" is moved to its source
    Info (13061): Fan-out of permanently enabled tri-state buffer feeding bidir "SDRAM_Datos[7]" is moved to its source
    Info (13061): Fan-out of permanently enabled tri-state buffer feeding bidir "SDRAM_Datos[8]" is moved to its source
    Info (13061): Fan-out of permanently enabled tri-state buffer feeding bidir "SDRAM_Datos[9]" is moved to its source
    Info (13061): Fan-out of permanently enabled tri-state buffer feeding bidir "SDRAM_Datos[10]" is moved to its source
    Info (13061): Fan-out of permanently enabled tri-state buffer feeding bidir "SDRAM_Datos[11]" is moved to its source
    Info (13061): Fan-out of permanently enabled tri-state buffer feeding bidir "SDRAM_Datos[12]" is moved to its source
    Info (13061): Fan-out of permanently enabled tri-state buffer feeding bidir "SDRAM_Datos[13]" is moved to its source
    Info (13061): Fan-out of permanently enabled tri-state buffer feeding bidir "SDRAM_Datos[14]" is moved to its source
    Info (13061): Fan-out of permanently enabled tri-state buffer feeding bidir "SDRAM_Datos[15]" is moved to its source
Info (13000): Registers with preset signals will power-up high
Info (13003): DEV_CLRn pin will set, and not reset, register with preset signal due to NOT Gate Push-Back
Warning (13009): TRI or OPNDRN buffers permanently enabled
    Warning (13010): Node "SDRAM_Datos[0]~synth"
    Warning (13010): Node "SDRAM_Datos[1]~synth"
    Warning (13010): Node "SDRAM_Datos[2]~synth"
    Warning (13010): Node "SDRAM_Datos[3]~synth"
    Warning (13010): Node "SDRAM_Datos[4]~synth"
    Warning (13010): Node "SDRAM_Datos[5]~synth"
    Warning (13010): Node "SDRAM_Datos[6]~synth"
    Warning (13010): Node "SDRAM_Datos[7]~synth"
    Warning (13010): Node "SDRAM_Datos[8]~synth"
    Warning (13010): Node "SDRAM_Datos[9]~synth"
    Warning (13010): Node "SDRAM_Datos[10]~synth"
    Warning (13010): Node "SDRAM_Datos[11]~synth"
    Warning (13010): Node "SDRAM_Datos[12]~synth"
    Warning (13010): Node "SDRAM_Datos[13]~synth"
    Warning (13010): Node "SDRAM_Datos[14]~synth"
    Warning (13010): Node "SDRAM_Datos[15]~synth"
Warning (13024): Output pins are stuck at VCC or GND
    Warning (13410): Pin "RW" is stuck at GND
    Warning (13410): Pin "LCD_ON" is stuck at VCC
    Warning (13410): Pin "SDRAM_Direcciones[8]" is stuck at GND
    Warning (13410): Pin "SDRAM_Direcciones[9]" is stuck at GND
    Warning (13410): Pin "SDRAM_Direcciones[10]" is stuck at GND
    Warning (13410): Pin "SDRAM_Direcciones[11]" is stuck at GND
    Warning (13410): Pin "SDRAM_Direcciones[12]" is stuck at GND
    Warning (13410): Pin "SDRAM_Control[0]" is stuck at VCC
    Warning (13410): Pin "SDRAM_Control[1]" is stuck at GND
    Warning (13410): Pin "SDRAM_Control[2]" is stuck at VCC
    Warning (13410): Pin "SDRAM_Control[3]" is stuck at GND
    Warning (13410): Pin "SDRAM_Control[4]" is stuck at GND
    Warning (13410): Pin "SDRAM_Control[5]" is stuck at GND
    Warning (13410): Pin "SDRAM_Control[6]" is stuck at VCC
    Warning (13410): Pin "SDRAM_Control[7]" is stuck at VCC
    Warning (13410): Pin "SDRAM_Control[8]" is stuck at VCC
    Warning (13410): Pin "SDRAM_Control[10]" is stuck at GND
    Warning (13410): Pin "SDRAM_Control[11]" is stuck at VCC
Info (286030): Timing-Driven Synthesis is running
Info (17049): 12 registers lost all their fanouts during netlist optimizations.
Info (16010): Generating hard_block partition "hard_block:auto_generated_inst"
    Info (16011): Adding 0 node(s), including 0 DDIO, 0 PLL, 0 transceiver and 0 LCELL
Info (21057): Implemented 699 device resources after synthesis - the final resource count might be different
    Info (21058): Implemented 16 input pins
    Info (21059): Implemented 93 output pins
    Info (21060): Implemented 32 bidirectional pins
    Info (21061): Implemented 557 logic cells
    Info (21062): Implemented 1 DSP elements
Info: Quartus II 64-Bit Analysis & Synthesis was successful. 0 errors, 75 warnings
    Info: Peak virtual memory: 4667 megabytes
    Info: Processing ended: Fri Oct 08 18:59:17 2021
    Info: Elapsed time: 00:00:05
    Info: Total CPU time (on all processors): 00:00:05


